[www.pbsc.com/index.html]
[backblue.gif]
[fade.gif]
[index.html]
[www.pbsc.com/fr.html]
[www.pbsc.com/es.html]
[www.pbsc.com/assets/images/favicons/apple-touch-icon.png]
[www.pbsc.com/assets/images/favicons/favicon-32x32.png]
[www.pbsc.com/assets/images/favicons/favicon-16x16.png]
[www.pbsc.com/assets/styles/main1c74.css]
[www.pbsc.com/terms-of-service.html]
[www.pbsc.com/blog/2020/12/pbsc-launches-its-second-bikeshare-system-in-spain-with-437-bikes-and-ebikes-across-46-smart-stations-in-san-sebastian.html]
[www.pbsc.com/assets/images/sprite.svg]
[www.pbsc.com/cities.html]
[www.pbsc.com/bikes-smart-stations.html]
[www.pbsc.com/technology.html]
[www.pbsc.com/about-us.html]
[www.pbsc.com/blog.html]
[www.pbsc.com/join-the-team.html]
[www.pbsc.com/blog/2020/12/a-qa-with-pbsc-s-cro.html]
[www.pbsc.com/blog/2020/11/city-series-montreal.html]
[www.pbsc.com/blog/2020/11/city-series-london.html]
[www.pbsc.com/blog/2020/10/pbsc-launches-multimodal-solution-to-dock-and-charge-e-scooters.html]
[www.pbsc.com/blog/2020/10/pbsc-city-series-valence.html]
[www.pbsc.com/blog/2020/09/city-series-monaco.html]
[www.pbsc.com/uploads/pages/home/home-pbsc-effects.jpg]
[www.pbsc.com/assets/images/CTA_TECHNO.jpg]
[www.pbsc.com/cities/san-sebastian-bike-share.html]
[www.pbsc.com/cities/montreal-bike-share.html]
[www.pbsc.com/cities/london-bike-share.html]
[www.pbsc.com/cities/toronto-bike-share.html]
[www.pbsc.com/cities/dubai-bike-share.html]
[www.pbsc.com/cities/barcelona-bike-share.html]
[www.pbsc.com/cities/monaco-bike-share.html]
[www.pbsc.com/assets/images/CTA_Carriere.jpg]
[www.pbsc.com/press-room.html]
[www.pbsc.com/assets/scripts/vendors1c74.js]
[www.pbsc.com/assets/scripts/app1c74.js]
[www.pbsc.com/index.html]
[www.pbsc.com/fr/politique-de-confidentialite.html]
[www.pbsc.com/fr/villes.html]
[www.pbsc.com/fr/velos-stations-intelligentes.html]
[www.pbsc.com/fr/technologies.html]
[www.pbsc.com/fr/a-propos.html]
[www.pbsc.com/fr/blogue.html]
[www.pbsc.com/fr/joignez-lequipe.html]
[www.pbsc.com/fr/blogue/2020/12/pbsc-launches-its-second-bikeshare-system-in-spain-with-437-bikes-and-ebikes-across-46-smart-stations-in-san-sebastian.html]
[www.pbsc.com/fr/blogue/2020/12/a-qa-with-pbsc-s-cro.html]
[www.pbsc.com/fr/blogue/2020/11/city-series-montreal.html]
[www.pbsc.com/fr/blogue/2020/11/city-series-london.html]
[www.pbsc.com/fr/blogue/2020/10/pbsc-launches-multimodal-solution-to-dock-and-charge-e-scooters.html]
[www.pbsc.com/fr/blogue/2020/10/serie-urbaine-pbsc-valence.html]
[www.pbsc.com/fr/blogue/2020/09/serie-urbaine-monaco.html]
[www.pbsc.com/fr/villes/velo-libre-service-san-sebastian.html]
[www.pbsc.com/fr/villes/velo-libre-service-montreal.html]
[www.pbsc.com/fr/villes/velo-libre-service-londres.html]
[www.pbsc.com/fr/villes/velo-libre-service-toronto.html]
[www.pbsc.com/fr/villes/velo-libre-service-dubai.html]
[www.pbsc.com/fr/villes/velo-libre-service-barcelone.html]
[www.pbsc.com/fr/villes/velo-libre-service-monaco.html]
[www.pbsc.com/fr/salle-de-presse.html]
[www.pbsc.com/fr.html]
[www.pbsc.com/es/politica-de-privacidad.html]
[www.pbsc.com/es/blog/2020/11/city-series-london.html]
[www.pbsc.com/es/ciudades.html]
[www.pbsc.com/es/bicicletas-estaciones-inteligentes.html]
[www.pbsc.com/es/tecnologia.html]
[www.pbsc.com/es/sobre-nosotros.html]
[www.pbsc.com/es/blog.html]
[www.pbsc.com/es/unete-al-equipo.html]
[www.pbsc.com/es/blog/2020/12/pbsc-lanza-un-nuevo-sistema-de-alquiler-de-bicis-en-san-sebastian-con-437-bicis-incluyendo-bicis-electricas.html]
[www.pbsc.com/es/blog/2020/12/a-qa-with-pbsc-s-cro.html]
[www.pbsc.com/es/blog/2020/11/city-series-montreal.html]
[www.pbsc.com/es/blog/2020/10/pbsc-launches-multimodal-solution-to-dock-and-charge-e-scooters.html]
[www.pbsc.com/es/blog/2020/10/pbsc-city-series-valence.html]
[www.pbsc.com/es/blog/2020/09/city-series-monaco.html]
[www.pbsc.com/es/ciudades/san-sebastian.html]
[www.pbsc.com/es/ciudades/montreal.html]
[www.pbsc.com/es/ciudades/londres.html]
[www.pbsc.com/es/ciudades/toronto.html]
[www.pbsc.com/es/ciudades/dubai.html]
[www.pbsc.com/es/ciudades/barcelona.html]
[www.pbsc.com/es/ciudades/monaco.html]
[www.pbsc.com/es/sala-de-prensa.html]
[www.pbsc.com/es.html]
[www.pbsc.com/admin/elfinder-connector_obj_type=app/model/site&obj_id=1&property=metaImage&cmd=file&target=fls1_dXBsb2Fkcy9wYnNjLnBuZw.html]
[www.pbsc.com/site.html]
[www.pbsc.com/assets/images/favicons/safari-pinned-tab.html]
[www.pbsc.com/assets/fonts/Aileron-SemiBold-webfont.eot]
[www.pbsc.com/assets/fonts/Aileron-SemiBold-webfontd41d.eot]
[www.pbsc.com/assets/fonts/Aileron-SemiBold-webfont.woff]
[www.pbsc.com/assets/fonts/Aileron-SemiBold-webfont.ttf]
[www.pbsc.com/assets/fonts/Aileron-Regular-webfont.eot]
[www.pbsc.com/assets/fonts/Aileron-Regular-webfontd41d.eot]
[www.pbsc.com/assets/fonts/Aileron-Regular-webfont.woff]
[www.pbsc.com/assets/fonts/Aileron-Regular-webfont.ttf]
[www.pbsc.com/assets/fonts/gt-cinetype-light-webfont.woff2]
[www.pbsc.com/assets/fonts/gt-cinetype-light-webfont.woff]
[www.pbsc.com/assets/images/newsletter_bg.jpg]
[www.pbsc.com/assets/styles/main1c74.css]
[www.pbsc.com/terms-of-service.html]
[www.pbsc.com/uploads/articles/San_Sebastian/Vignette-blog-SanSebastian-nuit.jpg]
[www.pbsc.com/uploads/articles/San_Sebastian/Photo-principal-Blog-SanSebastian.jpg]
[www.pbsc.com/uploads/articles/San_Sebastian/DBUS.jpg]
[www.pbsc.com/blog/2020/09/pbsc-city-serie-barcelona.html]
[www.pbsc.com/blog/2020/06/bike-share-toronto-announces-program-expansion.html]
[www.pbsc.com/blog/2020/12/pbsc-launches-its-second-bikeshare-system-in-spain-with-437-bikes-and-ebikes-across-46-smart-stations-in-san-sebastian.html]
[www.pbsc.com/assets/images/sprite.svg]
[www.pbsc.com/cities/buenos-aires-bike-share.html]
[www.pbsc.com/cities/rio-de-janeiro-bike-share.html]
[www.pbsc.com/cities/aruba-bike-share.html]
[www.pbsc.com/uploads/cities/Aruba/Vignette_Aruba copy.jpg]
[www.pbsc.com/cities/aspen-bike-share.html]
[www.pbsc.com/uploads/cities/Aspen/Vignette_0000_Aspen.jpg]
[www.pbsc.com/uploads/cities/Barcelona/bcn2.jpg]
[www.pbsc.com/cities/boston-bike-share.html]
[www.pbsc.com/uploads/cities/Boston/Vignette_Boston.jpg]
[www.pbsc.com/uploads/cities/Buenos Aires/Vignette_BA.jpg]
[www.pbsc.com/cities/chattanooga-bike-share.html]
[www.pbsc.com/uploads/cities/Chattanooga/chatt2.jpg]
[www.pbsc.com/cities/chicago-bike-share.html]
[www.pbsc.com/uploads/cities/Chicago/Vignette_chicago.jpg]
[www.pbsc.com/cities/columbus-bike-share.html]
[www.pbsc.com/uploads/cities/Columbus/Vignette_Columbus.jpg]
[www.pbsc.com/cities/detroit-bike-share.html]
[www.pbsc.com/uploads/cities/Detroit/Vignette_0001_Detroit.jpg]
[www.pbsc.com/uploads/cities/Dubai/Vignette_Dubai.jpg]
[www.pbsc.com/cities/guadalajara-bike-share.html]
[www.pbsc.com/uploads/cities/Guadalajara/Vignette_Guadalajara.jpg]
[www.pbsc.com/cities/honolulu-bike-share.html]
[www.pbsc.com/uploads/cities/Honolulu/Vignette_honolulu.jpg]
[www.pbsc.com/cities/kona-hilo-bike-share.html]
[www.pbsc.com/uploads/cities/Kona/Vignette_kona.jpg]
[www.pbsc.com/uploads/cities/London/Vignette_london.jpg]
[www.pbsc.com/cities/louisville-bike-share.html]
[www.pbsc.com/uploads/cities/Louisville/Vignette_Louisville.jpg]
[www.pbsc.com/cities/minneapolis-bike-share.html]
[www.pbsc.com/uploads/cities/Minneapolis/Vignette_Minneapolis.jpg]
[www.pbsc.com/uploads/cities/Monaco/Vignette_Monaco.jpg]
[www.pbsc.com/uploads/cities/Montreal/Vignette_mtl.jpg]
[www.pbsc.com/cities/new-york-bike-share.html]
[www.pbsc.com/uploads/cities/New York/Vignette_NYC.jpg]
[www.pbsc.com/cities/nicosia-bike-share.html]
[www.pbsc.com/uploads/cities/Nicosia/Vignette_nicosia.jpg]
[www.pbsc.com/cities/porto-alegre-bike-share.html]
[www.pbsc.com/uploads/cities/Porto Alegre/Vignette_0002_Porto_Alegre.jpg]
[www.pbsc.com/cities/recife-bike-share.html]
[www.pbsc.com/uploads/cities/Recife/Vignette_0003_Recife.jpg]
[www.pbsc.com/uploads/cities/Rio/Vignette_Rio.jpg]
[www.pbsc.com/cities/salvador-bike-share.html]
[www.pbsc.com/uploads/cities/Salvador/Vignette_salvador.jpg]
[www.pbsc.com/uploads/cities/San_Sebastian/Vignette_ss-01.png]
[www.pbsc.com/cities/santiago-bike-share.html]
[www.pbsc.com/uploads/cities/Santiago/Vignette_0004_Santiago.jpg]
[www.pbsc.com/cities/sao-paulo-bike-share.html]
[www.pbsc.com/uploads/cities/Sao Paulo/Vignette_saopaulo.jpg]
[www.pbsc.com/cities/toluca-bike-share.html]
[www.pbsc.com/uploads/cities/Toluca/Vignette_0005_Toluca.jpg]
[www.pbsc.com/uploads/cities/Toronto/Vignette_Toronto.jpg]
[www.pbsc.com/cities/tucson-bike-share.html]
[www.pbsc.com/uploads/cities/Tucson/Vignette_Tucson.jpg]
[www.pbsc.com/cities/valence-bike-share.html]
[www.pbsc.com/uploads/cities/Valence/Vignette_0006_Valence.jpg]
[www.pbsc.com/cities/vila-velha-bike-share.html]
[www.pbsc.com/uploads/cities/Vila Velha/Vignette_0007_VilaVelha.jpg]
[www.pbsc.com/cities/washington-dc-bike-share.html]
[www.pbsc.com/uploads/cities/Washington DC/Vignette_WashingtonDC.jpg]
[www.pbsc.com/cities.html]
[www.pbsc.com/assets/images/BIKES-STATION_HEADER.jpg]
[www.pbsc.com/uploads/bikes/sprites/fit_3d.jpg]
[www.pbsc.com/uploads/bikes/sprites/e-fit_3d.jpg]
[www.pbsc.com/uploads/bikes/sprites/iconic_3d.jpg]
[www.pbsc.com/uploads/bikes/sprites/boost_3d.jpg]
[www.pbsc.com/assets/images/Easy-to-rent.jpg]
[www.pbsc.com/assets/images/Charge-at-dock.jpg]
[www.pbsc.com/assets/images/triangle.jpg]
[www.pbsc.com/bikes-smart-stations.html]
[www.pbsc.com/assets/images/header_techno_en.jpg]
[www.pbsc.com/assets/images/techonology_scanandgo.jpg]
[www.pbsc.com/assets/images/techonology_overflow.jpg]
[www.pbsc.com/assets/images/techonology_chargeup.jpg]
[www.pbsc.com/technology.html]
[www.pbsc.com/assets/images/techonology_valet.jpg]
[www.pbsc.com/uploads/pages/about/HeaderAbout.jpg]
[www.pbsc.com/uploads/pages/about/AboutHistory.jpg]
[www.pbsc.com/uploads/pages/about/AboutValues.jpg]
[www.pbsc.com/uploads/pages/about/Passion.jpg]
[www.pbsc.com/uploads/pages/about/Performance.jpg]
[www.pbsc.com/uploads/pages/about/Imagination.jpg]
[www.pbsc.com/uploads/pages/about/One-team.jpg]
[www.pbsc.com/uploads/prizes/welding_bike-01.png]
[www.pbsc.com/uploads/prizes/logisticWharehouseSupplyChainAward-01.png]
[www.pbsc.com/about-us.html]
[www.pbsc.com/uploads/prizes/TechnologyInnovatorAward-01.png]
[www.pbsc.com/blog4658.html]
[www.pbsc.com/blog/cities.html]
[www.pbsc.com/blog/events.html]
[www.pbsc.com/blog/products.html]
[www.pbsc.com/blog/articles.html]
[www.pbsc.com/blog/videos.html]
[www.pbsc.com/uploads/articles/GC/thumbnailgc.jpg]
[www.pbsc.com/uploads/articles/City_Series/Montreal/vignette-montreal.jpg]
[www.pbsc.com/uploads/articles/City_Series/Londres/vignette-cityseries-Londres.jpg]
[www.pbsc.com/uploads/articles/Multimodal/vignette-multimodal.jpg]
[www.pbsc.com/uploads/articles/City_Series/Valence/Vignette-v2.jpg]
[www.pbsc.com/uploads/articles/City_Series/Monaco/vignette-monaco.jpg]
[www.pbsc.com/uploads/articles/City_Series/Barcelona/Vignette_Barcelona_cityseries2.jpg]
[www.pbsc.com/blog/2020/09/montreal-goes-electric-with-the-e-fit-pbsc-urban-solutions.html]
[www.pbsc.com/uploads/articles/montreal_exit_2020/vignette-mtl.jpg]
[www.pbsc.com/blog/2020/06/youtube-channel.html]
[www.pbsc.com/uploads/articles/Video/vignette-youtube2.jpg]
[www.pbsc.com/blog.html]
[www.pbsc.com/assets/images/careers.jpg]
[www.pbsc.com/assets/images/PBSC_numbers.jpg]
[www.pbsc.com/assets/images/careers-life.jpg]
[www.pbsc.com/assets/images/World_class_product.jpg]
[www.pbsc.com/assets/images/United_we_stand.jpg]
[www.pbsc.com/assets/images/Teamwork_carriere.jpg]
[www.pbsc.com/assets/images/BBQ_PBSC.jpg]
[www.pbsc.com/assets/images/Benefits.jpg]
[www.pbsc.com/join-the-team.html]
[www.pbsc.com/uploads/articles/GC/bannerqagc.jpg]
[www.pbsc.com/blog/2020/12/a-qa-with-pbsc-s-cro.html]
[www.pbsc.com/uploads/articles/City_Series/Montreal/Photo_Principale-Montreal2.jpg]
[www.pbsc.com/blog/2020/11/city-series-montreal.html]
[www.pbsc.com/uploads/articles/City_Series/Montreal/infographic_Montreal-EN.jpg]
[www.pbsc.com/uploads/articles/City_Series/Londres/Photo-principqle-cityseries-Londres.jpg]
[www.pbsc.com/blog/2020/11/city-series-london.html]
[www.pbsc.com/uploads/articles/City_Series/Londres/infographic-Londres-En.jpg]
[www.pbsc.com/uploads/articles/Multimodal/multimodal_bannertest2-02.jpg]
[www.pbsc.com/blog/2019/01/pbsc-urban-solutions-launches-latest-e-bike-at-ces-conference-in-las-vegas.html]
[www.pbsc.com/blog/2018/09/blog/2020/06/blog/2018/09/discover-our-new-boost-bike.html]
[www.pbsc.com/blog/2020/10/pbsc-launches-multimodal-solution-to-dock-and-charge-e-scooters.html]
[www.pbsc.com/blog/2018/05/fit-the-fun-bike-sharing-urban-solution.html]
[www.pbsc.com/uploads/articles/City_Series/Valence/Photo-principale.jpg]
[www.pbsc.com/uploads/articles/City_Series/Valence/infographic-valence-en.jpg]
[www.pbsc.com/blog/2020/10/pbsc-city-series-valence.html]
[www.pbsc.com/blog/2020/06/cycling-and-bike-share-take-centre-stage-in-the-new-covid-reality.html]
[www.pbsc.com/uploads/articles/City_Series/Monaco/Monaco_RS.jpg]
[www.pbsc.com/uploads/articles/City_Series/Monaco/Monaco-banner-2.jpg]
[www.pbsc.com/uploads/articles/City_Series/Monaco/infographic-monaco-01-01.png]
[www.pbsc.com/blog/2020/09/city-series-monaco.html]
[www.pbsc.com/uploads/cities/San_Sebastian/Photo-principale.jpg]
[www.pbsc.com/uploads/cities/San_Sebastian/FIT_SS.jpg]
[www.pbsc.com/uploads/cities/San_Sebastian/E-FIT_SS.jpg]
[www.pbsc.com/cities/san-sebastian-bike-share.html]
[www.pbsc.com/uploads/cities/Montreal/Banner MTL.jpg]
[www.pbsc.com/uploads/cities/Montreal/mtl.jpg]
[www.pbsc.com/cities/montreal-bike-share.html]
[www.pbsc.com/uploads/cities/Montreal/mtl_EFIT_2020.jpg]
[www.pbsc.com/uploads/cities/London/BANNER_London_uk.jpg]
[www.pbsc.com/cities/london-bike-share.html]
[www.pbsc.com/uploads/cities/London/London.jpg]
[www.pbsc.com/uploads/cities/Toronto/BANNER TORONTO.jpg]
[www.pbsc.com/uploads/cities/Toronto/Toronto_ICONIC.jpg]
[www.pbsc.com/uploads/cities/Toronto/Torontoefit.jpg]
[www.pbsc.com/blog/2019/12/pbsc-s-e-bike-technology-is-headed-to-dubai.html]
[www.pbsc.com/cities/toronto-bike-share.html]
[www.pbsc.com/uploads/cities/Dubai/Banner_dubai.jpg]
[www.pbsc.com/uploads/cities/Dubai/Dubai.jpg]
[www.pbsc.com/cities/dubai-bike-share.html]
[www.pbsc.com/uploads/cities/Barcelona/bcn1.jpg]
[www.pbsc.com/cities/barcelona-bike-share.html]
[www.pbsc.com/uploads/cities/Monaco/Banner Monaco.jpg]
[www.pbsc.com/cities/monaco-bike-share.html]
[www.pbsc.com/uploads/cities/Monaco/Monaco.jpg]
[www.pbsc.com/uploads/press-releases/files/BIXI-E-FIT-launch_PBSC_Final_Eng.pdf]
[www.pbsc.com/uploads/articles/MTL_GETS_EFIT/vignettemtl.jpg]
[www.pbsc.com/uploads/press-releases/files/PBSC_SaoPaulo_PR_EN_VF.pdf]
[www.pbsc.com/uploads/articles/Bike_share_in_Sao_Paulo/vignette_SaoPaulo.jpg]
[www.pbsc.com/uploads/press-releases/files/PR_Valence_EN_Final.pdf]
[www.pbsc.com/uploads/articles/premier_contrat_en_France/vignettevalence.jpg]
[www.pbsc.com/uploads/press-releases/files/bike-sharing-solutions-santiago-buenos-aires.pdf]
[www.pbsc.com/uploads/press-releases/files/PressRelease_PBSC_Barcelona.pdf]
[www.pbsc.com/uploads/articles/Hola Barcelona/vignettehollabarcelona.jpg]
[www.pbsc.com/uploads/press-releases/files/PBSC_EFIT_PR_EN.pdf]
[www.pbsc.com/uploads/articles/PBSC lance le E-FIT/Vignette_E-FIT.jpg]
[www.pbsc.com/uploads/press-releases/files/Press_Release_-_Santiago_EN_FINAL.pdf]
[www.pbsc.com/uploads/press-releases/files/Press_Release_-_Buenos_Aires_FINAL_(2).pdf]
[www.pbsc.com/uploads/articles/Maintenant à Buenos Aires/vignettebuenosaires.jpg]
[www.pbsc.com/uploads/press-releases/files/PBSC_press_release_Monaco_EN_Final.pdf]
[www.pbsc.com/uploads/articles/Lancement MONACO/vignette_lancement_Monaco.jpg]
[www.pbsc.com/uploads/press-releases/files/PBSC_Monaco-Launch_Final_ENG.pdf]
[www.pbsc.com/uploads/articles/Lancement MONACO/vignettemonaco.jpg]
[www.pbsc.com/press-room.html]
[www.pbsc.com/assets/scripts/vendors1c74.js]
[www.pbsc.com/assets/scripts/app1c74.js]
[www.pbsc.com/fr/politique-de-confidentialite.html]
[www.pbsc.com/fr/villes/velo-libre-service-buenos-aires.html]
[www.pbsc.com/fr/villes/velo-libre-service-rio-de-janeiro.html]
[www.pbsc.com/fr/villes/velo-libre-service-aruba.html]
[www.pbsc.com/fr/villes/velo-libre-service-aspen.html]
[www.pbsc.com/fr/villes/velo-libre-service-boston.html]
[www.pbsc.com/fr/villes/velo-libre-service-chattanooga.html]
[www.pbsc.com/fr/villes/velo-libre-service-chicago.html]
[www.pbsc.com/fr/villes/velo-libre-service-columbus.html]
[www.pbsc.com/fr/villes/velo-libre-service-detroit.html]
[www.pbsc.com/fr/villes/velo-libre-service-guadalajara.html]
[www.pbsc.com/fr/villes/velo-libre-service-honolulu.html]
[www.pbsc.com/fr/villes/velo-libre-service-kona-hilo.html]
[www.pbsc.com/fr/villes/velo-libre-service-louisville.html]
[www.pbsc.com/fr/villes/velo-libre-service-minneapolis.html]
[www.pbsc.com/fr/villes/velo-libre-service-new-york.html]
[www.pbsc.com/fr/villes/velo-libre-service-nicosie.html]
[www.pbsc.com/fr/villes/velo-libre-service-porto-alegre.html]
[www.pbsc.com/fr/villes/velo-libre-service-recife.html]
[www.pbsc.com/fr/villes/velo-libre-service-salvador.html]
[www.pbsc.com/fr/villes/velo-libre-service-santiago.html]
[www.pbsc.com/fr/villes/velo-libre-service-sao-paulo.html]
[www.pbsc.com/fr/villes/velo-libre-service-toluca.html]
[www.pbsc.com/fr/villes/velo-libre-service-tucson.html]
[www.pbsc.com/fr/villes/velo-libre-service-valence.html]
[www.pbsc.com/fr/villes/velo-libre-service-vila-velha.html]
[www.pbsc.com/fr/villes/velo-libre-service-washington-dc.html]
[www.pbsc.com/fr/villes.html]
[www.pbsc.com/fr/velos-stations-intelligentes.html]
[www.pbsc.com/assets/images/header_techno_fr.jpg]
[www.pbsc.com/fr/technologies.html]
[www.pbsc.com/fr/a-propos.html]
[www.pbsc.com/fr/blogue4658.html]
[www.pbsc.com/fr/blogue/villes.html]
[www.pbsc.com/fr/blogue/evenements.html]
[www.pbsc.com/fr/blogue/produits.html]
[www.pbsc.com/fr/blogue/articles.html]
[www.pbsc.com/fr/blogue/videos.html]
[www.pbsc.com/fr/blogue/2020/09/serie-urbaine-pbsc-barcelone.html]
[www.pbsc.com/fr/blogue/2020/09/montreal-prend-le-virage-electrique-avec-le-e-fit-pbsc-solutions-urbaines.html]
[www.pbsc.com/fr/blogue/2020/06/chaine-youtube.html]
[www.pbsc.com/fr/blogue.html]
[www.pbsc.com/fr/joignez-lequipe.html]
[www.pbsc.com/fr/blogue/2020/06/bike-share-toronto-annonce-une-expansion.html]
[www.pbsc.com/fr/blogue/2020/12/pbsc-launches-its-second-bikeshare-system-in-spain-with-437-bikes-and-ebikes-across-46-smart-stations-in-san-sebastian.html]
[www.pbsc.com/fr/blogue/2020/12/a-qa-with-pbsc-s-cro.html]
[www.pbsc.com/uploads/articles/City_Series/Montreal/infographic_Montreal-FR.jpg]
[www.pbsc.com/fr/blogue/2020/11/city-series-montreal.html]
[www.pbsc.com/fr/blogue/2020/11/city-series-london.html]
[www.pbsc.com/uploads/articles/City_Series/Londres/infographic-Londres-Fr.jpg]
[www.pbsc.com/fr/blogue/2019/01/pbsc-solutions-urbaines-lance-le-plus-recent-velo-electrique-au-salon-ces-de-las-vegas.html]
[www.pbsc.com/fr/blogue/2018/09/fr/blogue/2020/06/fr/blogue/2018/09/discover-our-new-boost-bike.html]
[www.pbsc.com/fr/blogue/2020/10/pbsc-launches-multimodal-solution-to-dock-and-charge-e-scooters.html]
[www.pbsc.com/fr/blogue/2018/05/fit-the-fun-bike-sharing-urban-solution.html]
[www.pbsc.com/uploads/articles/City_Series/Valence/infographic-valence-fr.jpg]
[www.pbsc.com/fr/blogue/2020/10/serie-urbaine-pbsc-valence.html]
[www.pbsc.com/fr/blogue/2020/06/cycling-and-bike-share-take-centre-stage-in-the-new-covid-reality.html]
[www.pbsc.com/fr/blogue/2020/09/serie-urbaine-monaco.html]
[www.pbsc.com/fr/villes/velo-libre-service-san-sebastian.html]
[www.pbsc.com/fr/villes/velo-libre-service-montreal.html]
[www.pbsc.com/fr/villes/velo-libre-service-londres.html]
[www.pbsc.com/uploads/articles/City_Series/Monaco/infographic-monaco_FR.png]
[www.pbsc.com/fr/blogue/2019/12/les-velos-a-assistance-electrique-de-pbsc-arrivent-a-dubai.html]
[www.pbsc.com/fr/villes/velo-libre-service-toronto.html]
[www.pbsc.com/fr/villes/velo-libre-service-dubai.html]
[www.pbsc.com/fr/villes/velo-libre-service-barcelone.html]
[www.pbsc.com/fr/villes/velo-libre-service-monaco.html]
[www.pbsc.com/uploads/press-releases/files/PBSC_SaoPaulo_PR_FR_VF.pdf]
[www.pbsc.com/uploads/press-releases/files/Communique_PBSC_Valence_FR.pdf]
[www.pbsc.com/uploads/press-releases/files/velo-libre-service-buenos-aires-santiago.pdf]
[www.pbsc.com/uploads/press-releases/files/Communique_de_Presse_PBSC_Barcelone.pdf]
[www.pbsc.com/uploads/press-releases/files/PBSC_EFIT_PR_FR-1.pdf]
[www.pbsc.com/uploads/press-releases/files/Press_Release_-_Santiago_FR_FINAL_CORRECTED.pdf]
[www.pbsc.com/uploads/press-releases/files/Press_Release_-_Buenos_Aires_FINAL_FR.pdf]
[www.pbsc.com/uploads/press-releases/files/PBSC_Communique_Monaco_FR_Final.pdf]
[www.pbsc.com/uploads/press-releases/files/PBSC_Lancement-Monaco_Final_FR.pdf]
[www.pbsc.com/fr/salle-de-presse.html]
[www.pbsc.com/es/politica-de-privacidad.html]
[www.pbsc.com/es/blog/2020/09/serie-urbana-pbsc-barcelona.html]
[www.pbsc.com/es/blog/2020/06/bike-share-toronto-announces-program-expansion.html]
[www.pbsc.com/es/blog/2020/11/city-series-london.html]
[www.pbsc.com/es/ciudades/buenos-aires.html]
[www.pbsc.com/es/ciudades/rio-de-janeiro.html]
[www.pbsc.com/es/ciudades/aruba.html]
[www.pbsc.com/es/ciudades/aspen.html]
[www.pbsc.com/es/ciudades/boston.html]
[www.pbsc.com/es/ciudades/chattanooga.html]
[www.pbsc.com/es/ciudades/chicago.html]
[www.pbsc.com/es/ciudades/columbus.html]
[www.pbsc.com/es/ciudades/detroit.html]
[www.pbsc.com/es/ciudades/guadalajara.html]
[www.pbsc.com/es/ciudades/honolulu.html]
[www.pbsc.com/es/ciudades/kona-hilo.html]
[www.pbsc.com/es/ciudades/louisville.html]
[www.pbsc.com/es/ciudades/minneapolis.html]
[www.pbsc.com/es/ciudades/nicosia.html]
[www.pbsc.com/es/ciudades/nueva-york.html]
[www.pbsc.com/es/ciudades/porto-alegre.html]
[www.pbsc.com/es/ciudades/recife.html]
[www.pbsc.com/es/ciudades/salvador.html]
[www.pbsc.com/es/ciudades/santiago.html]
[www.pbsc.com/es/ciudades/sao-paulo.html]
[www.pbsc.com/es/ciudades/toluca.html]
[www.pbsc.com/es/ciudades/tucson.html]
[www.pbsc.com/es/ciudades/valence.html]
[www.pbsc.com/es/ciudades/vila-velha.html]
[www.pbsc.com/es/ciudades/washington-dc.html]
[www.pbsc.com/es/ciudades.html]
[www.pbsc.com/es/bicicletas-estaciones-inteligentes.html]
[www.pbsc.com/assets/images/header_techno_es.jpg]
[www.pbsc.com/es/tecnologia.html]
[www.pbsc.com/es/sobre-nosotros.html]
[www.pbsc.com/es/blog4658.html]
[www.pbsc.com/es/blog/ciudades.html]
[www.pbsc.com/es/blog/eventos.html]
[www.pbsc.com/es/blog/productos.html]
[www.pbsc.com/es/blog/articulos.html]
[www.pbsc.com/es/blog/videos.html]
[www.pbsc.com/es/blog/2020/09/montreal-goes-electric-with-the-e-fit-pbsc-urban-solutions.html]
[www.pbsc.com/es/blog.html]
[www.pbsc.com/es/unete-al-equipo.html]
[www.pbsc.com/es/blog/2020/12/pbsc-lanza-un-nuevo-sistema-de-alquiler-de-bicis-en-san-sebastian-con-437-bicis-incluyendo-bicis-electricas.html]
[www.pbsc.com/es/blog/2020/12/a-qa-with-pbsc-s-cro.html]
[www.pbsc.com/es/blog/2020/11/city-series-montreal.html]
[www.pbsc.com/es/blog/2020/06/youtube-channel.html]
[www.pbsc.com/es/blog/2019/01/pbsc-urban-solutions-lanza-la-mas-reciente-bicicleta-electricaen-conferencia-ces-en-las-vegas.html]
[www.pbsc.com/es/blog/2018/09/es/blog/2020/06/es/blog/2018/09/discover-our-new-boost-bike.html]
[www.pbsc.com/es/blog/2018/05/fit-the-fun-bike-sharing-urban-solution.html]
[www.pbsc.com/es/blog/2020/10/pbsc-launches-multimodal-solution-to-dock-and-charge-e-scooters.html]
[www.pbsc.com/es/blog/2020/06/cycling-and-bike-share-take-centre-stage-in-the-new-covid-reality.html]
[www.pbsc.com/es/blog/2020/10/pbsc-city-series-valence.html]
[www.pbsc.com/es/blog/2020/09/city-series-monaco.html]
[www.pbsc.com/es/ciudades/san-sebastian.html]
[www.pbsc.com/es/ciudades/montreal.html]
[www.pbsc.com/es/ciudades/londres.html]
[www.pbsc.com/es/blog/2019/12/pbsc-s-e-bike-technology-is-headed-to-dubai.html]
[www.pbsc.com/es/ciudades/toronto.html]
[www.pbsc.com/es/ciudades/dubai.html]
[www.pbsc.com/es/ciudades/barcelona.html]
[www.pbsc.com/es/ciudades/monaco.html]
[www.pbsc.com/uploads/press-releases/files/PBSC_SaoPaulo_PR_ESP_VF.pdf]
[www.pbsc.com/uploads/press-releases/files/servicio-bicicletas-publicas-santiago-buenos-aires.pdf]
[www.pbsc.com/uploads/press-releases/files/Comunicado_BarcelonaBoost.pdf]
[www.pbsc.com/uploads/press-releases/files/PBSC_EFIT_PR_SP.pdf]
[www.pbsc.com/uploads/press-releases/files/30-01-2019_Press_Release_-_Santiago_ND_-_ESP_Final_-_GH.pdf]
[www.pbsc.com/uploads/press-releases/files/Press_Release_-_Buenos_Aires_FINAL-ESP.pdf]
[www.pbsc.com/es/sala-de-prensa.html]
[www.pbsc.com/uploads/articles/City_Series/Barcelona/Barcelona.jpg]
[www.pbsc.com/blog/2020/09/pbsc-city-serie-barcelona.html]
[www.pbsc.com/uploads/articles/City_Series/Barcelona/Barcelona_numbers-01.jpg]
[www.pbsc.com/uploads/articles/expansion_toronto/bann_toronto.jpg]
[www.pbsc.com/blog/2020/06/bike-share-toronto-announces-program-expansion.html]
[www.pbsc.com/uploads/cities/Buenos Aires/banner_Buenos Aires.jpg]
[www.pbsc.com/cities/buenos-aires-bike-share.html]
[www.pbsc.com/uploads/cities/Rio/Banner_Rio.jpg]
[www.pbsc.com/cities/rio-de-janeiro-bike-share.html]
[www.pbsc.com/uploads/cities/Aruba/Ville_Aruba.jpg]
[www.pbsc.com/uploads/cities/Aruba/Aruba.jpg]
[www.pbsc.com/cities/aruba-bike-share.html]
[www.pbsc.com/uploads/cities/Aspen/Banner_0000_Aspen.jpg]
[www.pbsc.com/uploads/cities/Aspen/Aspen.jpg]
[www.pbsc.com/cities/aspen-bike-share.html]
[www.pbsc.com/uploads/cities/Boston/artem-sapegin-PoHAyYLpkOM-unsplash.jpg]
[www.pbsc.com/uploads/cities/Boston/Boston.jpg]
[www.pbsc.com/cities/boston-bike-share.html]
[www.pbsc.com/uploads/cities/Chattanooga/chatt1.jpg]
[www.pbsc.com/uploads/cities/Chattanooga/Chattanooga.jpg]
[www.pbsc.com/uploads/cities/Chattanooga/Chattanooga_efit.jpg]
[www.pbsc.com/cities/chattanooga-bike-share.html]
[www.pbsc.com/uploads/cities/Chicago/lance-anderson-uevmkfCH98Q-unsplash.jpg]
[www.pbsc.com/uploads/cities/Chicago/Chiacgo.jpg]
[www.pbsc.com/cities/chicago-bike-share.html]
[www.pbsc.com/uploads/cities/Columbus/Banner_Columbus.jpg]
[www.pbsc.com/cities/columbus-bike-share.html]
[www.pbsc.com/uploads/cities/Columbus/Columbus.jpg]
[www.pbsc.com/uploads/cities/Detroit/Banner_0001_Detroit.jpg]
[www.pbsc.com/uploads/cities/Detroit/Detroit.jpg]
[www.pbsc.com/uploads/cities/Detroit/Detroit_BOOST.jpg]
[www.pbsc.com/cities/detroit-bike-share.html]
[www.pbsc.com/uploads/cities/Guadalajara/Banner_Guad.jpg]
[www.pbsc.com/cities/guadalajara-bike-share.html]
[www.pbsc.com/uploads/cities/Guadalajara/Guadalajara.jpg]
[www.pbsc.com/uploads/cities/Honolulu/Honolulu.jpg]
[www.pbsc.com/uploads/cities/Honolulu/Biki.jpg]
[www.pbsc.com/cities/honolulu-bike-share.html]
[www.pbsc.com/uploads/cities/Kona/Banner_kona.jpg]
[www.pbsc.com/cities/kona-hilo-bike-share.html]
[www.pbsc.com/uploads/cities/Kona/Kona.jpg]
[www.pbsc.com/uploads/cities/Louisville/banner_Louisville.jpg]
[www.pbsc.com/uploads/cities/Louisville/Louisville_1.jpg]
[www.pbsc.com/cities/louisville-bike-share.html]
[www.pbsc.com/uploads/cities/Minneapolis/nicole-geri-ohK_uJJm2G8-unsplash.jpg]
[www.pbsc.com/uploads/cities/Minneapolis/Minneapolis.jpg]
[www.pbsc.com/cities/minneapolis-bike-share.html]
[www.pbsc.com/uploads/cities/New York/Banner_NYC.jpg]
[www.pbsc.com/cities/new-york-bike-share.html]
[www.pbsc.com/uploads/cities/Nicosia/banner_Nicosia.jpg]
[www.pbsc.com/uploads/cities/Nicosia/Nicosia.jpg]
[www.pbsc.com/cities/nicosia-bike-share.html]
[www.pbsc.com/uploads/cities/Porto Alegre/Banner_0002_Porto_Alegre.jpg]
[www.pbsc.com/cities/porto-alegre-bike-share.html]
[www.pbsc.com/uploads/cities/Recife/Banner_0003_Recife.jpg]
[www.pbsc.com/uploads/cities/Recife/Recife.jpg]
[www.pbsc.com/cities/recife-bike-share.html]
[www.pbsc.com/uploads/cities/Salvador/Banner_Salvador.jpg]
[www.pbsc.com/cities/salvador-bike-share.html]
[www.pbsc.com/uploads/cities/Salvador/Salvador.jpg]
[www.pbsc.com/uploads/cities/Santiago/Banner_0004_Santiago.jpg]
[www.pbsc.com/uploads/cities/Santiago/Santiago.jpg]
[www.pbsc.com/cities/santiago-bike-share.html]
[www.pbsc.com/uploads/cities/Sao Paulo/Banner_saopaulo.jpg]
[www.pbsc.com/cities/sao-paulo-bike-share.html]
[www.pbsc.com/uploads/cities/Toluca/Banner_0005_Toluca.jpg]
[www.pbsc.com/uploads/cities/Toluca/Toluca.jpg]
[www.pbsc.com/cities/toluca-bike-share.html]
[www.pbsc.com/uploads/cities/Tucson/Ville_Tucson.jpg]
[www.pbsc.com/uploads/cities/Sprites/Tucson.jpg]
[www.pbsc.com/cities/tucson-bike-share.html]
[www.pbsc.com/uploads/cities/Valence/Banner_0006_Valence.jpg]
[www.pbsc.com/uploads/cities/Valence/Valence_ICONIC.jpg]
[www.pbsc.com/uploads/cities/Valence/Valence_boost.jpg]
[www.pbsc.com/blog/2019/11/what-if-old-school-is-the-bestschool-for-electric-bike-share.html]
[www.pbsc.com/cities/valence-bike-share.html]
[www.pbsc.com/uploads/cities/Vila Velha/Banner_0007_VilaVelha.jpg]
[www.pbsc.com/cities/vila-velha-bike-share.html]
[www.pbsc.com/uploads/cities/Washington DC/Banner_Washington DC.jpg]
[www.pbsc.com/cities/washington-dc-bike-share.html]
[www.pbsc.com/blog9ba9.html]
[www.pbsc.com/uploads/articles/Bike-share takes center place/vignettecovid.jpg]
[www.pbsc.com/uploads/articles/expansion_toronto/vignettetoronto.jpg]
[www.pbsc.com/blog/2020/05/blog/2020/06/animation-fit.html]
[www.pbsc.com/uploads/articles/Video/video-fit.jpg]
[www.pbsc.com/blog/2020/04/itwillbeok.html]
[www.pbsc.com/uploads/articles/Itwillbeok/vignetteitwillbeok.jpg]
[www.pbsc.com/blog/2020/03/an-update-on-covid-19-from-pbsc.html]
[www.pbsc.com/uploads/articles/PBSC face au COVID-19/vignettecovid.jpg]
[www.pbsc.com/blog/2020/02/blog/2020/06/careem-bike-uae.html]
[www.pbsc.com/uploads/cities/Dubai/1_dubai.jpg]
[www.pbsc.com/blog/2019/12/notes-from-the-field-smart-city-expo-world-congress.html]
[www.pbsc.com/uploads/articles/Smart City Expo World congress/vignettesmartcity.jpg]
[www.pbsc.com/uploads/articles/Vélos électriques à Dubai/vignettedubai.jpg]
[www.pbsc.com/uploads/articles/old_school/vignette_OldSchool.jpg]
[www.pbsc.com/blog/2019/09/micromobility-europe-conference.html]
[www.pbsc.com/uploads/articles/Micromobility_2019/vignettemicromobility2019.jpg]
[www.pbsc.com/blog4658.html]
[www.pbsc.com/blog/cities4658.html]
[www.pbsc.com/blog/2019/08/montreal-gets-e-fit.html]
[www.pbsc.com/blog/2019/07/boost-gears-up-for-monaco.html]
[www.pbsc.com/blog/cities.html]
[www.pbsc.com/blog/2019/09/2019-nabsa-conference.html]
[www.pbsc.com/uploads/articles/NABSA_2019/vignettenabsa.jpg]
[www.pbsc.com/blog/2018/11/smart-city-expo-barcelona.html]
[www.pbsc.com/uploads/articles/Smart_city_expo_2018/vignette_smartcity.jpg]
[www.pbsc.com/blog/2018/06/biki-anniversary.html]
[www.pbsc.com/uploads/articles/HB_BIKI/vignettebiki.jpg]
[www.pbsc.com/blog/2018/06/pbsc-at-velocity-in-rio-de-janeiro.html]
[www.pbsc.com/uploads/articles/Velo_City_RIO_2018/vignettevelocityrio.jpg]
[www.pbsc.com/blog/2018/05/mogos-first-anniversary.html]
[www.pbsc.com/uploads/articles/Birthday_Mogo/vignettemogobirthday.jpg]
[www.pbsc.com/blog/2017/05/pbsc-delivered-its-50000th-bike.html]
[www.pbsc.com/uploads/articles/50000th_bike/vignette_50000velo.jpg]
[www.pbsc.com/blog/events.html]
[www.pbsc.com/uploads/articles/PBSC_E-FIT/Vignette_E-FIT.jpg]
[www.pbsc.com/uploads/articles/Discover our new BOOST/vignetteboost.jpg]
[www.pbsc.com/uploads/articles/FIT_fun_et_fabuleux/vignettefit.jpg]
[www.pbsc.com/blog/products.html]
[www.pbsc.com/blog/2018/09/happypbsc.html]
[www.pbsc.com/uploads/articles/Video/vignette-happy.jpg]
[www.pbsc.com/blog/2018/04/bike-sharing-made-in-montreal.html]
[www.pbsc.com/blog/articles.html]
[www.pbsc.com/uploads/articles/MADE_IN_MTL/vignette.jpg]
[www.pbsc.com/blog/videos4658.html]
[www.pbsc.com/blog/2019/06/blog/2018/06/blog/2020/06/blog/2020/05/making-of-bicing.html]
[www.pbsc.com/uploads/cities/Barcelona/vignette-videobicing.jpg]
[www.pbsc.com/blog/2019/01/blog/2021/01/blog/2020/06/the-new-libelo.html]
[www.pbsc.com/uploads/articles/Le nouveau libélo/vignettenouveaulibelo.jpg]
[www.pbsc.com/blog/2019/01/blog/2020/06/e-fit-electric-fun-eco-friendly-solution.html]
[www.pbsc.com/blog/2018/09/blog/2020/06/discover-our-boost-bike.html]
[www.pbsc.com/uploads/articles/Video/vignette-boost.jpg]
[www.pbsc.com/blog/2018/09/blog/2020/06/happypbsc.html]
[www.pbsc.com/blog/2018/08/blog/2020/06/velespeed-ad-nicosia-northen-cyprus.html]
[www.pbsc.com/blog/videos.html]
[www.pbsc.com/uploads/cities/Nicosia/5_nicosia.jpg]
[www.pbsc.com/uploads/articles/montreal_exit_2020/Photo-principale-mtl.jpg]
[www.pbsc.com/blog/2020/09/montreal-goes-electric-with-the-e-fit-pbsc-urban-solutions.html]
[www.pbsc.com/blog/2020/06/youtube-channel.html]
[www.pbsc.com/uploads/articles/Video/youtube-photoprincipale3_copy.jpg]
[www.pbsc.com/uploads/articles/PBSC_E-FIT/Photo_principale_E-FIT.jpg]
[www.pbsc.com/blog/2019/01/pbsc-urban-solutions-launches-latest-e-bike-at-ces-conference-in-las-vegas.html]
[www.pbsc.com/uploads/articles/Discover our new BOOST/photoprincipaleboost.jpg]
[www.pbsc.com/blog/2018/09/blog/2020/06/blog/2018/09/discover-our-new-boost-bike.html]
[www.pbsc.com/uploads/articles/FIT_fun_et_fabuleux/photoprincipalefit.jpg]
[www.pbsc.com/blog/2018/05/fit-the-fun-bike-sharing-urban-solution.html]
[www.pbsc.com/uploads/articles/Bike-share takes center place/photoprincipalecovid.jpg]
[www.pbsc.com/blog/2020/06/cycling-and-bike-share-take-centre-stage-in-the-new-covid-reality.html]
[www.pbsc.com/blog/2019/12/pbsc-s-e-bike-technology-is-headed-to-dubai.html]
[www.pbsc.com/uploads/articles/Bike_share_in_Buenos_Aires_and_Santiago/vignette_BuenosAires_Santiago.html]
[www.pbsc.com/uploads/articles/Maintenant à Santiago/vignette_Santiago.html]
[www.pbsc.com/GET.html]
[www.pbsc.com/fr/villes/velo-libre-service-buenos-aires.html]
[www.pbsc.com/fr/villes/velo-libre-service-rio-de-janeiro.html]
[www.pbsc.com/fr/villes/velo-libre-service-aruba.html]
[www.pbsc.com/fr/villes/velo-libre-service-aspen.html]
[www.pbsc.com/fr/villes/velo-libre-service-boston.html]
[www.pbsc.com/fr/villes/velo-libre-service-chattanooga.html]
[www.pbsc.com/fr/villes/velo-libre-service-chicago.html]
[www.pbsc.com/fr/villes/velo-libre-service-columbus.html]
[www.pbsc.com/fr/villes/velo-libre-service-detroit.html]
[www.pbsc.com/fr/villes/velo-libre-service-guadalajara.html]
[www.pbsc.com/fr/villes/velo-libre-service-honolulu.html]
[www.pbsc.com/fr/villes/velo-libre-service-kona-hilo.html]
[www.pbsc.com/fr/villes/velo-libre-service-louisville.html]
[www.pbsc.com/fr/villes/velo-libre-service-minneapolis.html]
[www.pbsc.com/fr/villes/velo-libre-service-new-york.html]
[www.pbsc.com/fr/villes/velo-libre-service-nicosie.html]
[www.pbsc.com/fr/villes/velo-libre-service-porto-alegre.html]
[www.pbsc.com/fr/villes/velo-libre-service-recife.html]
[www.pbsc.com/fr/villes/velo-libre-service-salvador.html]
[www.pbsc.com/fr/villes/velo-libre-service-santiago.html]
[www.pbsc.com/fr/villes/velo-libre-service-sao-paulo.html]
[www.pbsc.com/fr/villes/velo-libre-service-toluca.html]
[www.pbsc.com/fr/villes/velo-libre-service-tucson.html]
[www.pbsc.com/uploads/articles/Vélos électriques à Dubai/photoprincipaledubai.jpg]
[www.pbsc.com/fr/villes/velo-libre-service-valence.html]
[www.pbsc.com/fr/villes/velo-libre-service-vila-velha.html]
[www.pbsc.com/fr/villes/velo-libre-service-washington-dc.html]
[www.pbsc.com/fr/blogue/2019/11/what-if-old-school-is-the-bestschool-for-electric-bike-share.html]
[www.pbsc.com/fr/blogue9ba9.html]
[www.pbsc.com/fr/blogue/2020/05/fr/blogue/2020/06/animation-fit.html]
[www.pbsc.com/fr/blogue/2020/04/cavabienaller.html]
[www.pbsc.com/fr/blogue/2020/03/une-mise-a-jour-de-pbsc-face-au-covid-19.html]
[www.pbsc.com/fr/blogue/2020/02/fr/blogue/2020/06/careem-bike-uae.html]
[www.pbsc.com/fr/blogue/2019/12/notes-from-the-field-smart-city-expo-world-congress.html]
[www.pbsc.com/fr/blogue/2019/09/micromobility-europe-conference.html]
[www.pbsc.com/fr/blogue4658.html]
[www.pbsc.com/fr/blogue/villes4658.html]
[www.pbsc.com/fr/blogue/2019/08/montreal-prend-le-virage-e-fit.html]
[www.pbsc.com/fr/blogue/2019/07/le-boost-est-pret-pour-monaco.html]
[www.pbsc.com/fr/blogue/villes.html]
[www.pbsc.com/fr/blogue/2019/09/la-conference-nabsa-2019.html]
[www.pbsc.com/fr/blogue/2018/11/smart-city-expo-barcelone.html]
[www.pbsc.com/fr/blogue/2018/06/biki-anniversary.html]
[www.pbsc.com/fr/blogue/2018/06/pbsc-at-velocity-in-rio-de-janeiro.html]
[www.pbsc.com/fr/blogue/2018/05/mogos-first-anniversary.html]
[www.pbsc.com/fr/blogue/2017/05/pbsc-livre-son-50-000e-velo.html]
[www.pbsc.com/fr/blogue/evenements.html]
[www.pbsc.com/fr/blogue/produits.html]
[www.pbsc.com/fr/blogue/2018/09/happypbsc.html]
[www.pbsc.com/fr/blogue/articles.html]
[www.pbsc.com/fr/blogue/2018/04/le-velo-partage-made-in-montreal.html]
[www.pbsc.com/fr/blogue/videos4658.html]
[www.pbsc.com/fr/blogue/2019/06/fr/blogue/2018/06/fr/blogue/2020/06/fr/blogue/2020/05/le-making-of-de-bicing.html]
[www.pbsc.com/fr/blogue/2019/01/fr/blogue/2021/01/fr/blogue/2020/06/le-nouveau-libelo.html]
[www.pbsc.com/fr/blogue/2019/01/fr/blogue/2020/06/e-fit-electrique-fun-solution-ecologique.html]
[www.pbsc.com/fr/blogue/2018/09/fr/blogue/2020/06/decouvrez-notre-velo-boost.html]
[www.pbsc.com/fr/blogue/2018/09/fr/blogue/2020/06/happypbsc.html]
[www.pbsc.com/fr/blogue/2018/08/fr/blogue/2020/06/annonce-velespeed-nicosie-chypre-du-nord.html]
[www.pbsc.com/fr/blogue/videos.html]
[www.pbsc.com/uploads/articles/City_Series/Barcelona/Barcelona_numbers-03.jpg]
[www.pbsc.com/fr/blogue/2020/09/serie-urbaine-pbsc-barcelone.html]
[www.pbsc.com/fr/blogue/2020/09/montreal-prend-le-virage-electrique-avec-le-e-fit-pbsc-solutions-urbaines.html]
[www.pbsc.com/fr/blogue/2020/06/chaine-youtube.html]
[www.pbsc.com/fr/blogue/2020/06/bike-share-toronto-annonce-une-expansion.html]
[www.pbsc.com/fr/blogue/2019/01/pbsc-solutions-urbaines-lance-le-plus-recent-velo-electrique-au-salon-ces-de-las-vegas.html]
[www.pbsc.com/fr/blogue/2018/09/fr/blogue/2020/06/fr/blogue/2018/09/discover-our-new-boost-bike.html]
[www.pbsc.com/fr/blogue/2018/05/fit-the-fun-bike-sharing-urban-solution.html]
[www.pbsc.com/fr/blogue/2020/06/cycling-and-bike-share-take-centre-stage-in-the-new-covid-reality.html]
[www.pbsc.com/fr/blogue/2019/12/les-velos-a-assistance-electrique-de-pbsc-arrivent-a-dubai.html]
[www.pbsc.com/es/blog/2020/09/serie-urbana-pbsc-barcelona.html]
[www.pbsc.com/es/blog/2020/06/bike-share-toronto-announces-program-expansion.html]
[www.pbsc.com/es/ciudades/buenos-aires.html]
[www.pbsc.com/es/ciudades/rio-de-janeiro.html]
[www.pbsc.com/es/ciudades/aruba.html]
[www.pbsc.com/es/ciudades/aspen.html]
[www.pbsc.com/es/ciudades/boston.html]
[www.pbsc.com/es/ciudades/chattanooga.html]
[www.pbsc.com/es/ciudades/chicago.html]
[www.pbsc.com/es/ciudades/columbus.html]
[www.pbsc.com/es/ciudades/detroit.html]
[www.pbsc.com/es/ciudades/guadalajara.html]
[www.pbsc.com/es/ciudades/honolulu.html]
[www.pbsc.com/es/ciudades/kona-hilo.html]
[www.pbsc.com/es/ciudades/louisville.html]
[www.pbsc.com/es/ciudades/minneapolis.html]
[www.pbsc.com/es/ciudades/nicosia.html]
[www.pbsc.com/es/ciudades/nueva-york.html]
[www.pbsc.com/es/ciudades/porto-alegre.html]
[www.pbsc.com/es/ciudades/recife.html]
[www.pbsc.com/es/ciudades/salvador.html]
[www.pbsc.com/es/ciudades/santiago.html]
[www.pbsc.com/es/ciudades/sao-paulo.html]
[www.pbsc.com/es/ciudades/toluca.html]
[www.pbsc.com/es/ciudades/tucson.html]
[www.pbsc.com/uploads/articles/City_Series/Barcelona/Barcelona_numbers-02.jpg]
[www.pbsc.com/es/ciudades/valence.html]
[www.pbsc.com/es/ciudades/vila-velha.html]
[www.pbsc.com/es/ciudades/washington-dc.html]
[www.pbsc.com/es/blog/2019/11/what-if-old-school-is-the-bestschool-for-electric-bike-share.html]
[www.pbsc.com/es/blog9ba9.html]
[www.pbsc.com/es/blog/2020/05/es/blog/2020/06/animation-fit.html]
[www.pbsc.com/es/blog/2020/04/itwillbeok.html]
[www.pbsc.com/es/blog/2020/03/an-update-on-covid-19-from-pbsc.html]
[www.pbsc.com/es/blog/2020/02/es/blog/2020/06/careem-bike-uae.html]
[www.pbsc.com/es/blog/2019/12/notes-from-the-field-smart-city-expo-world-congress.html]
[www.pbsc.com/es/blog/2019/09/micromobility-europe-conference.html]
[www.pbsc.com/es/blog4658.html]
[www.pbsc.com/es/blog/ciudades4658.html]
[www.pbsc.com/es/blog/2019/08/montreal-gets-e-fit.html]
[www.pbsc.com/es/blog/2019/07/boost-gears-up-for-monaco.html]
[www.pbsc.com/es/blog/ciudades.html]
[www.pbsc.com/es/blog/2019/09/2019-nabsa-conference.html]
[www.pbsc.com/es/blog/2018/11/smart-city-expo-barcelona.html]
[www.pbsc.com/es/blog/2018/06/biki-anniversary.html]
[www.pbsc.com/es/blog/2018/06/pbsc-at-velocity-in-rio-de-janeiro.html]
[www.pbsc.com/es/blog/2018/05/mogos-first-anniversary.html]
[www.pbsc.com/es/blog/2017/05/pbsc-delivered-its-50000th-bike.html]
[www.pbsc.com/es/blog/eventos.html]
[www.pbsc.com/es/blog/productos.html]
[www.pbsc.com/es/blog/2018/09/happypbsc.html]
[www.pbsc.com/es/blog/2018/04/bike-sharing-made-in-montreal.html]
[www.pbsc.com/es/blog/articulos.html]
[www.pbsc.com/es/blog/videos4658.html]
[www.pbsc.com/es/blog/2019/06/es/blog/2018/06/es/blog/2020/06/es/blog/2020/05/making-of-bicing.html]
[www.pbsc.com/es/blog/2019/01/es/blog/2021/01/es/blog/2020/06/the-new-libelo.html]
[www.pbsc.com/es/blog/2019/01/es/blog/2020/06/e-fit-electric-fun-eco-friendly-solution.html]
[www.pbsc.com/es/blog/2018/09/es/blog/2020/06/discover-our-boost-bike.html]
[www.pbsc.com/es/blog/2018/09/es/blog/2020/06/happypbsc.html]
[www.pbsc.com/es/blog/2018/08/es/blog/2020/06/velespeed-ad-nicosia-northen-cyprus.html]
[www.pbsc.com/es/blog/videos.html]
[www.pbsc.com/es/blog/2020/09/montreal-goes-electric-with-the-e-fit-pbsc-urban-solutions.html]
[www.pbsc.com/es/blog/2020/06/youtube-channel.html]
[www.pbsc.com/es/blog/2019/01/pbsc-urban-solutions-lanza-la-mas-reciente-bicicleta-electricaen-conferencia-ces-en-las-vegas.html]
[www.pbsc.com/es/blog/2018/09/es/blog/2020/06/es/blog/2018/09/discover-our-new-boost-bike.html]
[www.pbsc.com/es/blog/2018/05/fit-the-fun-bike-sharing-urban-solution.html]
[www.pbsc.com/es/blog/2020/06/cycling-and-bike-share-take-centre-stage-in-the-new-covid-reality.html]
[www.pbsc.com/es/blog/2019/12/pbsc-s-e-bike-technology-is-headed-to-dubai.html]
[www.pbsc.com/uploads/articles/old_school/Photo-principale-Barcelone_Station.jpg]
[www.pbsc.com/blog/2019/11/what-if-old-school-is-the-bestschool-for-electric-bike-share.html]
[www.pbsc.com/blogfdb0.html]
[www.pbsc.com/blog/2019/04/our-boost-e-bikes-in-monaco.html]
[www.pbsc.com/blog/2019/02/now-in-buenos-aires.html]
[www.pbsc.com/blog/2019/02/now-in-santiago-chile.html]
[www.pbsc.com/uploads/articles/Maintenant à Santiago/vignettesantiago.jpg]
[www.pbsc.com/blog/2019/01/the-new-libelo.html]
[www.pbsc.com/blog/2019/01/hola-barcelona.html]
[www.pbsc.com/blog9ba9.html]
[www.pbsc.com/uploads/cities/Rio/1_rio.jpg]
[www.pbsc.com/blog/2020/05/blog/2020/06/animation-fit.html]
[www.pbsc.com/uploads/articles/Itwillbeok/photoprincipaleitwillbeok.jpg]
[www.pbsc.com/blog/2020/04/itwillbeok.html]
[www.pbsc.com/blog/2020/03/an-update-on-covid-19-from-pbsc.html]
[www.pbsc.com/blog/2020/02/blog/2020/06/careem-bike-uae.html]
[www.pbsc.com/uploads/articles/PBSC face au COVID-19/covid.jpg]
[www.pbsc.com/uploads/articles/Smart City Expo World congress/photosmartcity.jpg]
[www.pbsc.com/blog/2019/12/notes-from-the-field-smart-city-expo-world-congress.html]
[www.pbsc.com/uploads/articles/Micromobility_2019/imageprincipale.jpg]
[www.pbsc.com/blog/2019/09/micromobility-europe-conference.html]
[www.pbsc.com/blog/cities9ba9.html]
[www.pbsc.com/blog/2018/09/say-hello-to-barcelona.html]
[www.pbsc.com/uploads/articles/say hello to Barcelona/Vignette_bonjourbarcelone.jpg]
[www.pbsc.com/blog/2018/08/bike-sharing-solutions-in-buenos-aires-santiago.html]
[www.pbsc.com/uploads/articles/Bike_share_in_Buenos_Aires_and_Santiago/vignettebuenosairessantiago.jpg]
[www.pbsc.com/blog/2018/05/first-bike-sharing-contract-in-france.html]
[www.pbsc.com/blog/2018/04/bike-sharing-service-in-salvador-now-launched.html]
[www.pbsc.com/uploads/articles/Salvador/vignette_Salvador.jpg]
[www.pbsc.com/blog/cities4658.html]
[www.pbsc.com/uploads/articles/MTL_GETS_EFIT/photoprincipalemtl.jpg]
[www.pbsc.com/blog/2019/08/montreal-gets-e-fit.html]
[www.pbsc.com/uploads/articles/Lancement MONACO/photoprincipalemonaco.jpg]
[www.pbsc.com/blog/2019/07/boost-gears-up-for-monaco.html]
[www.pbsc.com/uploads/articles/NABSA_2019/photonabsa.jpg]
[www.pbsc.com/blog/2019/09/2019-nabsa-conference.html]
[www.pbsc.com/blog/2018/11/smart-city-expo-barcelona.html]
[www.pbsc.com/uploads/articles/Smart_city_expo_2018/photo_principale_smartcity.jpg]
[www.pbsc.com/uploads/articles/HB_BIKI/biki2.jpg]
[www.pbsc.com/blog/2018/06/biki-anniversary.html]
[www.pbsc.com/uploads/articles/Velo_City_RIO_2018/photoprincipalevelocityrio.jpg]
[www.pbsc.com/blog/2018/06/pbsc-at-velocity-in-rio-de-janeiro.html]
[www.pbsc.com/uploads/articles/Birthday_Mogo/photoprincipalemogo2.jpg]
[www.pbsc.com/blog/2018/05/mogos-first-anniversary.html]
[www.pbsc.com/blog/2017/05/pbsc-delivered-its-50000th-bike.html]
[www.pbsc.com/uploads/articles/50000th_bike/Photo-Principale.jpg]
[www.pbsc.com/uploads/articles/Video/happy-banner.jpg]
[www.pbsc.com/blog/2018/09/happypbsc.html]
[www.pbsc.com/uploads/articles/MADE_IN_MTL/photoprincipale.jpg]
[www.pbsc.com/blog/2018/04/bike-sharing-made-in-montreal.html]
[www.pbsc.com/blog/2018/08/blog/2020/06/aspen-bike-share-we-cycle.html]
[www.pbsc.com/uploads/cities/Aspen/Aspen_02.jpg]
[www.pbsc.com/blog/2018/05/blog/2020/06/discover-our-fit-bike.html]
[www.pbsc.com/uploads/articles/FIT_a_RIO/rio.jpg]
[www.pbsc.com/blog/2018/04/blog/2020/06/changing-the-world-one-city-at-a-time.html]
[www.pbsc.com/uploads/articles/Video/vignette-corpo.jpg]
[www.pbsc.com/blog/2017/01/blog/2020/06/london-bike-share-santander-cycle.html]
[www.pbsc.com/blog/videos4658.html]
[www.pbsc.com/uploads/cities/London/1_london.jpg]
[www.pbsc.com/uploads/cities/Barcelona/1_barcelona.jpg]
[www.pbsc.com/blog/2019/06/blog/2018/06/blog/2020/06/blog/2020/05/making-of-bicing.html]
[www.pbsc.com/blog/2019/01/blog/2021/01/blog/2020/06/the-new-libelo.html]
[www.pbsc.com/uploads/articles/Le nouveau libélo/photoprincipalenouveaulibeelo_copy.jpg]
[www.pbsc.com/uploads/articles/PBSC lance le E-FIT/Photo_principale_E-FIT.jpg]
[www.pbsc.com/blog/2019/01/blog/2020/06/e-fit-electric-fun-eco-friendly-solution.html]
[www.pbsc.com/uploads/articles/Video/photo-principale-boost.jpg]
[www.pbsc.com/blog/2018/09/blog/2020/06/discover-our-boost-bike.html]
[www.pbsc.com/blog/2018/09/blog/2020/06/happypbsc.html]
[www.pbsc.com/blog/2018/08/blog/2020/06/velespeed-ad-nicosia-northen-cyprus.html]
[www.pbsc.com/fr/blogue/2019/11/what-if-old-school-is-the-bestschool-for-electric-bike-share.html]
[www.pbsc.com/fr/bloguefdb0.html]
[www.pbsc.com/fr/blogue/2019/04/nos-velos-electriques-boost-a-monaco.html]
[www.pbsc.com/fr/blogue/2019/02/maintenant-a-buenos-aires.html]
[www.pbsc.com/fr/blogue/2019/02/maintenant-a-santiago-chili.html]
[www.pbsc.com/fr/blogue/2019/01/le-nouveau-libelo.html]
[www.pbsc.com/fr/blogue/2019/01/hola-barcelona.html]
[www.pbsc.com/fr/blogue9ba9.html]
[www.pbsc.com/fr/blogue/2020/05/fr/blogue/2020/06/animation-fit.html]
[www.pbsc.com/fr/blogue/2020/04/cavabienaller.html]
[www.pbsc.com/fr/blogue/2020/03/une-mise-a-jour-de-pbsc-face-au-covid-19.html]
[www.pbsc.com/fr/blogue/2020/02/fr/blogue/2020/06/careem-bike-uae.html]
[www.pbsc.com/fr/blogue/2019/12/notes-from-the-field-smart-city-expo-world-congress.html]
[www.pbsc.com/fr/blogue/2019/09/micromobility-europe-conference.html]
[www.pbsc.com/fr/blogue/villes9ba9.html]
[www.pbsc.com/fr/blogue/2018/09/dites-bonjour-a-barcelone.html]
[www.pbsc.com/fr/blogue/2018/08/solution-de-velos-en-libre-service-a-buenos-aires-santiago.html]
[www.pbsc.com/fr/blogue/2018/05/premier-contrat-de-velos-en-libre-service-en-france.html]
[www.pbsc.com/fr/blogue/2018/04/bike-sharing-service-in-salvador-now-launched.html]
[www.pbsc.com/fr/blogue/villes4658.html]
[www.pbsc.com/fr/blogue/2019/08/montreal-prend-le-virage-e-fit.html]
[www.pbsc.com/fr/blogue/2019/07/le-boost-est-pret-pour-monaco.html]
[www.pbsc.com/fr/blogue/2019/09/la-conference-nabsa-2019.html]
[www.pbsc.com/fr/blogue/2018/11/smart-city-expo-barcelone.html]
[www.pbsc.com/fr/blogue/2018/06/biki-anniversary.html]
[www.pbsc.com/fr/blogue/2018/06/pbsc-at-velocity-in-rio-de-janeiro.html]
[www.pbsc.com/fr/blogue/2018/05/mogos-first-anniversary.html]
[www.pbsc.com/fr/blogue/2017/05/pbsc-livre-son-50-000e-velo.html]
[www.pbsc.com/fr/blogue/2018/09/happypbsc.html]
[www.pbsc.com/fr/blogue/2018/04/le-velo-partage-made-in-montreal.html]
[www.pbsc.com/fr/blogue/2018/08/fr/blogue/2020/06/aspen-velo-partage-we-cycle.html]
[www.pbsc.com/fr/blogue/2018/05/fr/blogue/2020/06/decouvrez-notre-velo-fit.html]
[www.pbsc.com/fr/blogue/2018/04/fr/blogue/2020/06/changer-le-monde-une-ville-a-la-fois.html]
[www.pbsc.com/fr/blogue/videos4658.html]
[www.pbsc.com/fr/blogue/2019/06/fr/blogue/2018/06/fr/blogue/2020/06/fr/blogue/2020/05/le-making-of-de-bicing.html]
[www.pbsc.com/fr/blogue/2019/01/fr/blogue/2021/01/fr/blogue/2020/06/le-nouveau-libelo.html]
[www.pbsc.com/fr/blogue/2019/01/fr/blogue/2020/06/e-fit-electrique-fun-solution-ecologique.html]
[www.pbsc.com/fr/blogue/2018/09/fr/blogue/2020/06/decouvrez-notre-velo-boost.html]
[www.pbsc.com/fr/blogue/2018/09/fr/blogue/2020/06/happypbsc.html]
[www.pbsc.com/fr/blogue/2018/08/fr/blogue/2020/06/annonce-velespeed-nicosie-chypre-du-nord.html]
[www.pbsc.com/es/blog/2019/11/what-if-old-school-is-the-bestschool-for-electric-bike-share.html]
[www.pbsc.com/fr/blogue/2017/01/fr/blogue/2020/06/velo-en-libre-service-a-londres-velo-santander.html]
[www.pbsc.com/es/blogfdb0.html]
[www.pbsc.com/es/blog/2019/04/our-boost-e-bikes-in-monaco.html]
[www.pbsc.com/es/blog/2019/02/ahora-en-buenos-aires.html]
[www.pbsc.com/es/blog/2019/02/now-in-santiago-chile.html]
[www.pbsc.com/es/blog/2019/01/the-new-libelo.html]
[www.pbsc.com/es/blog/2019/01/hola-barcelona.html]
[www.pbsc.com/es/blog9ba9.html]
[www.pbsc.com/es/blog/2020/05/es/blog/2020/06/animation-fit.html]
[www.pbsc.com/es/blog/2020/04/itwillbeok.html]
[www.pbsc.com/es/blog/2020/03/an-update-on-covid-19-from-pbsc.html]
[www.pbsc.com/es/blog/2020/02/es/blog/2020/06/careem-bike-uae.html]
[www.pbsc.com/es/blog/2019/12/notes-from-the-field-smart-city-expo-world-congress.html]
[www.pbsc.com/es/blog/2019/09/micromobility-europe-conference.html]
[www.pbsc.com/es/blog/ciudades9ba9.html]
[www.pbsc.com/es/blog/2018/09/hola-barcelona.html]
[www.pbsc.com/es/blog/2018/08/servicio-de-bicicletas-publicas-en-buenos-aires-santiago.html]
[www.pbsc.com/es/blog/2018/05/first-bike-sharing-contract-in-france.html]
[www.pbsc.com/es/blog/2018/04/bike-sharing-service-in-salvador-now-launched.html]
[www.pbsc.com/es/blog/ciudades4658.html]
[www.pbsc.com/es/blog/2019/08/montreal-gets-e-fit.html]
[www.pbsc.com/es/blog/2019/07/boost-gears-up-for-monaco.html]
[www.pbsc.com/es/blog/2019/09/2019-nabsa-conference.html]
[www.pbsc.com/es/blog/2018/11/smart-city-expo-barcelona.html]
[www.pbsc.com/es/blog/2018/06/biki-anniversary.html]
[www.pbsc.com/es/blog/2018/06/pbsc-at-velocity-in-rio-de-janeiro.html]
[www.pbsc.com/es/blog/2018/05/mogos-first-anniversary.html]
[www.pbsc.com/es/blog/2017/05/pbsc-delivered-its-50000th-bike.html]
[www.pbsc.com/es/blog/2018/09/happypbsc.html]
[www.pbsc.com/es/blog/2018/04/bike-sharing-made-in-montreal.html]
[www.pbsc.com/es/blog/2018/08/es/blog/2020/06/aspen-bike-share-we-cycle.html]
[www.pbsc.com/es/blog/2018/05/es/blog/2020/06/discover-our-fit-bike.html]
[www.pbsc.com/es/blog/2018/04/es/blog/2020/06/changing-the-world-one-city-at-a-time.html]
[www.pbsc.com/es/blog/2017/01/es/blog/2020/06/london-bike-share-santander-cycle.html]
[www.pbsc.com/es/blog/videos4658.html]
[www.pbsc.com/es/blog/2019/06/es/blog/2018/06/es/blog/2020/06/es/blog/2020/05/making-of-bicing.html]
[www.pbsc.com/es/blog/2019/01/es/blog/2021/01/es/blog/2020/06/the-new-libelo.html]
[www.pbsc.com/es/blog/2019/01/es/blog/2020/06/e-fit-electric-fun-eco-friendly-solution.html]
[www.pbsc.com/es/blog/2018/09/es/blog/2020/06/discover-our-boost-bike.html]
[www.pbsc.com/es/blog/2018/09/es/blog/2020/06/happypbsc.html]
[www.pbsc.com/es/blog/2018/08/es/blog/2020/06/velespeed-ad-nicosia-northen-cyprus.html]
[www.pbsc.com/blogaf4d.html]
[www.pbsc.com/blogfdb0.html]
[www.pbsc.com/uploads/articles/Lancement MONACO/Photo_Principale_Monaco3.jpg]
[www.pbsc.com/blog/2019/04/our-boost-e-bikes-in-monaco.html]
[www.pbsc.com/blog/2019/02/now-in-buenos-aires.html]
[www.pbsc.com/uploads/articles/Maintenant à Buenos Aires/photoprincipalebuenosaires.jpg]
[www.pbsc.com/blog/2019/02/now-in-santiago-chile.html]
[www.pbsc.com/blog/2019/01/the-new-libelo.html]
[www.pbsc.com/uploads/articles/Maintenant à Santiago/photoprincipalesantiago.jpg]
[www.pbsc.com/uploads/articles/Hola Barcelona/barcelonestation.jpg]
[www.pbsc.com/blog/2019/01/hola-barcelona.html]
[www.pbsc.com/blog/citiesfdb0.html]
[www.pbsc.com/blog/2018/03/bike-sharing-solution-in-vila-velha.html]
[www.pbsc.com/uploads/articles/Bike_share_in_Vila_Velha/vignettevilavelha.jpg]
[www.pbsc.com/blog/2018/03/pbsc-s-orange-fit-bikes-now-in-porto-alegre.html]
[www.pbsc.com/uploads/articles/FIT_Porto_Alegre/vignetteportoalegre.jpg]
[www.pbsc.com/blog/2018/02/pbsc-s-bike-sharing-service-now-in-rio-de-janeiro.html]
[www.pbsc.com/uploads/articles/lancement_Fit_Rio/vignette_rio.jpg]
[www.pbsc.com/blog/2018/01/new-bike-sharing-service-launched-in-sao-paulo.html]
[www.pbsc.com/blog/2017/11/now-in-tucson-arizona.html]
[www.pbsc.com/uploads/articles/NOW_IN_TUCSON/vignette_Tucson.jpg]
[www.pbsc.com/blog/2017/09/first-milestone-in-brazil-recife.html]
[www.pbsc.com/uploads/articles/Lancement_Recife/vignetterecife.jpg]
[www.pbsc.com/blog/2017/07/pbsc-announces-upcoming-rollout-of-the-largest-bike-share-system-in-south-america.html]
[www.pbsc.com/uploads/articles/PLUS_GRAND_SYSTEME_DE_VELOPARTAGE_EN_AMERIQUE_LATINE/vignette_tembici.jpg]
[www.pbsc.com/blog/2017/06/aloha-honolulu.html]
[www.pbsc.com/uploads/articles/ALOHA_HONOLULU/vignettehonolulu.jpg]
[www.pbsc.com/blog/2017/06/biki-honolulu-s-bikeshare-program-launches-new-easy-and-affordable-transportation-option.html]
[www.pbsc.com/uploads/articles/ALOHA_HONOLULU/vignettebiki2.jpg]
[www.pbsc.com/blog/2017/06/tucson-bike-share-program-is-moving-forward.html]
[www.pbsc.com/uploads/articles/NOW_IN_TUCSON/vignette_tucson_2.jpg]
[www.pbsc.com/blog/cities9ba9.html]
[www.pbsc.com/uploads/articles/say hello to Barcelona/SS_190212_BICING_PBSC_mg_5868.jpg]
[www.pbsc.com/blog/2018/09/say-hello-to-barcelona.html]
[www.pbsc.com/uploads/articles/Bike_share_in_Buenos_Aires_and_Santiago/photoprincipalebs.jpg]
[www.pbsc.com/blog/2018/08/bike-sharing-solutions-in-buenos-aires-santiago.html]
[www.pbsc.com/blog/2018/05/first-bike-sharing-contract-in-france.html]
[www.pbsc.com/blog/2018/04/bike-sharing-service-in-salvador-now-launched.html]
[www.pbsc.com/blog/2018/08/blog/2020/06/aspen-bike-share-we-cycle.html]
[www.pbsc.com/uploads/articles/premier_contrat_en_France/photo-principalevalence2.jpg]
[www.pbsc.com/uploads/articles/FIT_a_RIO/fit2.jpg]
[www.pbsc.com/blog/2018/05/blog/2020/06/discover-our-fit-bike.html]
[www.pbsc.com/uploads/articles/Video/photoprincipale-corpo.jpg]
[www.pbsc.com/blog/2018/04/blog/2020/06/changing-the-world-one-city-at-a-time.html]
[www.pbsc.com/uploads/cities/London/2_london.jpg]
[www.pbsc.com/blog/2017/01/blog/2020/06/london-bike-share-santander-cycle.html]
[www.pbsc.com/fr/blogueaf4d.html]
[www.pbsc.com/fr/bloguefdb0.html]
[www.pbsc.com/fr/blogue/2019/04/nos-velos-electriques-boost-a-monaco.html]
[www.pbsc.com/fr/blogue/2019/02/maintenant-a-buenos-aires.html]
[www.pbsc.com/fr/blogue/2019/02/maintenant-a-santiago-chili.html]
[www.pbsc.com/fr/blogue/2019/01/le-nouveau-libelo.html]
[www.pbsc.com/fr/blogue/2019/01/hola-barcelona.html]
[www.pbsc.com/fr/blogue/villesfdb0.html]
[www.pbsc.com/fr/blogue/2018/03/bike-sharing-solution-in-vila-velha.html]
[www.pbsc.com/fr/blogue/2018/03/pbsc-s-orange-fit-bikes-now-in-porto-alegre.html]
[www.pbsc.com/fr/blogue/2018/02/nouvelle-solution-de-velo-libre-service-a-rio-de-janeiro.html]
[www.pbsc.com/fr/blogue/2018/01/nouvelle-solution-de-velo-libre-service-a-sao-paulo.html]
[www.pbsc.com/fr/blogue/2017/11/now-in-tucson-arizona.html]
[www.pbsc.com/fr/blogue/2017/09/premiere-etape-au-bresil-recife.html]
[www.pbsc.com/fr/blogue/2017/07/pbsc-annonce-le-lancement-prochain-du-plus-grand-systeme-de-velopartage-en-amerique-latine.html]
[www.pbsc.com/fr/blogue/2017/06/aloha-honolulu.html]
[www.pbsc.com/fr/blogue/2017/06/biki-honolulu-s-bikeshare-program-launches-new-easy-and-affordable-transportation-option.html]
[www.pbsc.com/fr/blogue/2017/06/tucson-bike-share-program-is-moving-forward.html]
[www.pbsc.com/fr/blogue/villes9ba9.html]
[www.pbsc.com/fr/blogue/2018/09/dites-bonjour-a-barcelone.html]
[www.pbsc.com/fr/blogue/2018/08/solution-de-velos-en-libre-service-a-buenos-aires-santiago.html]
[www.pbsc.com/fr/blogue/2018/05/premier-contrat-de-velos-en-libre-service-en-france.html]
[www.pbsc.com/fr/blogue/2018/04/bike-sharing-service-in-salvador-now-launched.html]
[www.pbsc.com/fr/blogue/2018/08/fr/blogue/2020/06/aspen-velo-partage-we-cycle.html]
[www.pbsc.com/fr/blogue/2018/05/fr/blogue/2020/06/decouvrez-notre-velo-fit.html]
[www.pbsc.com/fr/blogue/2018/04/fr/blogue/2020/06/changer-le-monde-une-ville-a-la-fois.html]
[www.pbsc.com/fr/blogue/2017/01/fr/blogue/2020/06/velo-en-libre-service-a-londres-velo-santander.html]
[www.pbsc.com/es/blogfdb0.html]
[www.pbsc.com/es/blog/2019/04/our-boost-e-bikes-in-monaco.html]
[www.pbsc.com/es/blog/2019/02/ahora-en-buenos-aires.html]
[www.pbsc.com/es/blog/2019/02/now-in-santiago-chile.html]
[www.pbsc.com/es/blog/2019/01/the-new-libelo.html]
[www.pbsc.com/es/blog/2019/01/hola-barcelona.html]
[www.pbsc.com/es/blogaf4d.html]
[www.pbsc.com/es/blog/ciudadesfdb0.html]
[www.pbsc.com/es/blog/2018/03/bike-sharing-solution-in-vila-velha.html]
[www.pbsc.com/es/blog/2018/03/pbsc-s-orange-fit-bikes-now-in-porto-alegre.html]
[www.pbsc.com/es/blog/2018/02/se-lanzo-un-nuevo-servicio-de-bicicletas-publicas-en-rio-de-janeiro.html]
[www.pbsc.com/es/blog/2018/01/se-lanzo-un-nuevo-servicio-de-bicicletas-publicas-en-sao-paulo.html]
[www.pbsc.com/es/blog/2017/11/now-in-tucson-arizona.html]
[www.pbsc.com/es/blog/2017/09/first-milestone-in-brazil-recife.html]
[www.pbsc.com/es/blog/2017/07/pbsc-anuncia-proxima-implementacion-del-sistema-de-bicicletas-publicas-mas-grande-en-sudamerica.html]
[www.pbsc.com/es/blog/2017/06/aloha-honolulu.html]
[www.pbsc.com/es/blog/2017/06/biki-honolulu-s-bikeshare-program-launches-new-easy-and-affordable-transportation-option.html]
[www.pbsc.com/es/blog/2017/06/tucson-bike-share-program-is-moving-forward.html]
[www.pbsc.com/es/blog/ciudades9ba9.html]
[www.pbsc.com/es/blog/2018/09/hola-barcelona.html]
[www.pbsc.com/es/blog/2018/08/servicio-de-bicicletas-publicas-en-buenos-aires-santiago.html]
[www.pbsc.com/es/blog/2018/05/first-bike-sharing-contract-in-france.html]
[www.pbsc.com/es/blog/2018/04/bike-sharing-service-in-salvador-now-launched.html]
[www.pbsc.com/es/blog/2018/08/es/blog/2020/06/aspen-bike-share-we-cycle.html]
[www.pbsc.com/es/blog/2018/05/es/blog/2020/06/discover-our-fit-bike.html]
[www.pbsc.com/es/blog/2018/04/es/blog/2020/06/changing-the-world-one-city-at-a-time.html]
[www.pbsc.com/es/blog/2017/01/es/blog/2020/06/london-bike-share-santander-cycle.html]
[www.pbsc.com/blogc575.html]
[www.pbsc.com/blog/2018/05/bike-sharing-service-in-nicosia.html]
[www.pbsc.com/blogaf4d.html]
[www.pbsc.com/blog/2017/06/green-bike-aruba.html]
[www.pbsc.com/uploads/articles/Green_Bike/vignette_greenbike.jpg]
[www.pbsc.com/blog/2017/05/mayor-launches-louvelo-bike-share-program-in-and-around-downtown.html]
[www.pbsc.com/uploads/articles/Louvelo/vignette_Louvelo.jpg]
[www.pbsc.com/blog/2017/05/mogo-detroit-s-first-public-bike-share-system-launches-service.html]
[www.pbsc.com/uploads/articles/Birthday_Mogo/vignette_mogo2.jpg]
[www.pbsc.com/blog/2017/03/bikeshare-hawaii-introduces-biki-honolulu-s-new-bikeshare-program.html]
[www.pbsc.com/uploads/articles/Biki/vignette_BikiPBSC.png]
[www.pbsc.com/blog/2016/08/downtown-detroit-partnership-and-city-of-detroit-select-bike-share-provider.html]
[www.pbsc.com/uploads/articles/DOWNTOWN_DETROIT_PARTNERSHIP/vignette_detroit-partnership.jpg]
[www.pbsc.com/blog/2016/04/pbsc-urban-solutions-new-supplier-for-bike-share-toronto.html]
[www.pbsc.com/uploads/articles/toronto/vignette_Toronto_copy.jpg]
[www.pbsc.com/blog/citiesfdb0.html]
[www.pbsc.com/uploads/articles/Bike_share_in_Vila_Velha/photoprincipalevilavelha.jpg]
[www.pbsc.com/blog/2018/03/bike-sharing-solution-in-vila-velha.html]
[www.pbsc.com/uploads/articles/FIT_Porto_Alegre/photoprincipaleportoalegre.jpg]
[www.pbsc.com/blog/2018/03/pbsc-s-orange-fit-bikes-now-in-porto-alegre.html]
[www.pbsc.com/blog/2018/02/pbsc-s-bike-sharing-service-now-in-rio-de-janeiro.html]
[www.pbsc.com/uploads/articles/lancement_Fit_Rio/Photo_principale_rio.jpg]
[www.pbsc.com/uploads/articles/Bike_share_in_Sao_Paulo/Photo-principale_SaoPaulo.jpg]
[www.pbsc.com/blog/2018/01/new-bike-sharing-service-launched-in-sao-paulo.html]
[www.pbsc.com/uploads/articles/NOW_IN_TUCSON/page-debut_tucson-01.png]
[www.pbsc.com/blog/2017/11/now-in-tucson-arizona.html]
[www.pbsc.com/uploads/articles/Lancement_Recife/photoprincipale2.jpg]
[www.pbsc.com/blog/2017/09/first-milestone-in-brazil-recife.html]
[www.pbsc.com/uploads/articles/PLUS_GRAND_SYSTEME_DE_VELOPARTAGE_EN_AMERIQUE_LATINE/Tembici.jpg]
[www.pbsc.com/blog/2017/07/pbsc-announces-upcoming-rollout-of-the-largest-bike-share-system-in-south-america.html]
[www.pbsc.com/uploads/articles/ALOHA_HONOLULU/photoprincipale1.jpg]
[www.pbsc.com/blog/2017/06/aloha-honolulu.html]
[www.pbsc.com/uploads/articles/ALOHA_HONOLULU/photoprincipalebiki2.jpg]
[www.pbsc.com/blog/2017/06/biki-honolulu-s-bikeshare-program-launches-new-easy-and-affordable-transportation-option.html]
[www.pbsc.com/uploads/articles/NOW_IN_TUCSON/Photo-principale2.jpg]
[www.pbsc.com/blog/2017/06/tucson-bike-share-program-is-moving-forward.html]
[www.pbsc.com/fr/bloguec575.html]
[www.pbsc.com/fr/blogueaf4d.html]
[www.pbsc.com/fr/blogue/2018/05/bike-sharing-service-in-nicosia.html]
[www.pbsc.com/fr/blogue/2017/06/green-bike-aruba.html]
[www.pbsc.com/fr/blogue/2017/05/mayor-launches-louvelo-bike-share-program-in-and-around-downtown.html]
[www.pbsc.com/fr/blogue/2017/05/mogo-detroit-s-first-public-bike-share-system-launches-service.html]
[www.pbsc.com/fr/blogue/2017/03/bikeshare-hawaii-introduces-biki-honolulu-s-new-bikeshare-program.html]
[www.pbsc.com/fr/blogue/2016/08/downtown-detroit-partnership-and-city-of-detroit-select-bike-share-provider.html]
[www.pbsc.com/fr/blogue/2016/04/pbsc-solutions-urbaines-est-le-fournisseur-choisi-pour-l-expansion-du-systeme-de-velopartage-de-toronto.html]
[www.pbsc.com/fr/blogue/villesfdb0.html]
[www.pbsc.com/fr/blogue/2018/03/bike-sharing-solution-in-vila-velha.html]
[www.pbsc.com/fr/blogue/2018/03/pbsc-s-orange-fit-bikes-now-in-porto-alegre.html]
[www.pbsc.com/fr/blogue/2018/02/nouvelle-solution-de-velo-libre-service-a-rio-de-janeiro.html]
[www.pbsc.com/fr/blogue/2018/01/nouvelle-solution-de-velo-libre-service-a-sao-paulo.html]
[www.pbsc.com/fr/blogue/2017/11/now-in-tucson-arizona.html]
[www.pbsc.com/fr/blogue/2017/09/premiere-etape-au-bresil-recife.html]
[www.pbsc.com/fr/blogue/2017/07/pbsc-annonce-le-lancement-prochain-du-plus-grand-systeme-de-velopartage-en-amerique-latine.html]
[www.pbsc.com/fr/blogue/2017/06/aloha-honolulu.html]
[www.pbsc.com/fr/blogue/2017/06/biki-honolulu-s-bikeshare-program-launches-new-easy-and-affordable-transportation-option.html]
[www.pbsc.com/fr/blogue/2017/06/tucson-bike-share-program-is-moving-forward.html]
[www.pbsc.com/es/blogc575.html]
[www.pbsc.com/es/blog/2018/05/bike-sharing-service-in-nicosia.html]
[www.pbsc.com/es/blogaf4d.html]
[www.pbsc.com/es/blog/2017/06/green-bike-aruba.html]
[www.pbsc.com/es/blog/2017/05/mayor-launches-louvelo-bike-share-program-in-and-around-downtown.html]
[www.pbsc.com/es/blog/2017/05/mogo-detroit-s-first-public-bike-share-system-launches-service.html]
[www.pbsc.com/es/blog/2017/03/bikeshare-hawaii-introduces-biki-honolulu-s-new-bikeshare-program.html]
[www.pbsc.com/es/blog/2016/08/downtown-detroit-partnership-and-city-of-detroit-select-bike-share-provider.html]
[www.pbsc.com/es/blog/2016/04/pbsc-urban-solutions-new-supplier-for-bike-share-toronto.html]
[www.pbsc.com/es/blog/ciudadesfdb0.html]
[www.pbsc.com/es/blog/2018/03/bike-sharing-solution-in-vila-velha.html]
[www.pbsc.com/es/blog/2018/03/pbsc-s-orange-fit-bikes-now-in-porto-alegre.html]
[www.pbsc.com/es/blog/2018/02/se-lanzo-un-nuevo-servicio-de-bicicletas-publicas-en-rio-de-janeiro.html]
[www.pbsc.com/es/blog/2018/01/se-lanzo-un-nuevo-servicio-de-bicicletas-publicas-en-sao-paulo.html]
[www.pbsc.com/es/blog/2017/11/now-in-tucson-arizona.html]
[www.pbsc.com/es/blog/2017/09/first-milestone-in-brazil-recife.html]
[www.pbsc.com/es/blog/2017/07/pbsc-anuncia-proxima-implementacion-del-sistema-de-bicicletas-publicas-mas-grande-en-sudamerica.html]
[www.pbsc.com/es/blog/2017/06/aloha-honolulu.html]
[www.pbsc.com/es/blog/2017/06/biki-honolulu-s-bikeshare-program-launches-new-easy-and-affordable-transportation-option.html]
[www.pbsc.com/es/blog/2017/06/tucson-bike-share-program-is-moving-forward.html]
[www.pbsc.com/blog235c.html]
[www.pbsc.com/blogc575.html]
[www.pbsc.com/blog/2018/05/bike-sharing-service-in-nicosia.html]
[www.pbsc.com/uploads/articles/Green_Bike/Photo_principale_greenbike.jpg]
[www.pbsc.com/blog/2017/06/green-bike-aruba.html]
[www.pbsc.com/blog/2017/05/mayor-launches-louvelo-bike-share-program-in-and-around-downtown.html]
[www.pbsc.com/uploads/articles/Louvelo/Louvelo_station.jpg]
[www.pbsc.com/blog/2017/05/mogo-detroit-s-first-public-bike-share-system-launches-service.html]
[www.pbsc.com/uploads/articles/Birthday_Mogo/MOGO-Banner-1.jpg]
[www.pbsc.com/uploads/articles/Biki/image3.jpg]
[www.pbsc.com/blog/2017/03/bikeshare-hawaii-introduces-biki-honolulu-s-new-bikeshare-program.html]
[www.pbsc.com/uploads/articles/DOWNTOWN_DETROIT_PARTNERSHIP/Photo-principale_Detroit.jpg]
[www.pbsc.com/blog/2016/08/downtown-detroit-partnership-and-city-of-detroit-select-bike-share-provider.html]
[www.pbsc.com/blog/2016/04/pbsc-urban-solutions-new-supplier-for-bike-share-toronto.html]
[www.pbsc.com/uploads/articles/toronto/IMAG0731_modif.jpg]
[www.pbsc.com/fr/blogue235c.html]
[www.pbsc.com/fr/bloguec575.html]
[www.pbsc.com/fr/blogue/2018/05/bike-sharing-service-in-nicosia.html]
[www.pbsc.com/fr/blogue/2017/06/green-bike-aruba.html]
[www.pbsc.com/fr/blogue/2017/05/mayor-launches-louvelo-bike-share-program-in-and-around-downtown.html]
[www.pbsc.com/fr/blogue/2017/05/mogo-detroit-s-first-public-bike-share-system-launches-service.html]
[www.pbsc.com/fr/blogue/2017/03/bikeshare-hawaii-introduces-biki-honolulu-s-new-bikeshare-program.html]
[www.pbsc.com/fr/blogue/2016/08/downtown-detroit-partnership-and-city-of-detroit-select-bike-share-provider.html]
[www.pbsc.com/fr/blogue/2016/04/pbsc-solutions-urbaines-est-le-fournisseur-choisi-pour-l-expansion-du-systeme-de-velopartage-de-toronto.html]
[www.pbsc.com/es/blog235c.html]
[www.pbsc.com/es/blogc575.html]
[www.pbsc.com/es/blog/2018/05/bike-sharing-service-in-nicosia.html]
[www.pbsc.com/es/blog/2017/06/green-bike-aruba.html]
[www.pbsc.com/es/blog/2017/05/mayor-launches-louvelo-bike-share-program-in-and-around-downtown.html]
[www.pbsc.com/es/blog/2017/05/mogo-detroit-s-first-public-bike-share-system-launches-service.html]
[www.pbsc.com/es/blog/2017/03/bikeshare-hawaii-introduces-biki-honolulu-s-new-bikeshare-program.html]
[www.pbsc.com/es/blog/2016/08/downtown-detroit-partnership-and-city-of-detroit-select-bike-share-provider.html]
[www.pbsc.com/es/blog/2016/04/pbsc-urban-solutions-new-supplier-for-bike-share-toronto.html]
[www.pbsc.com/blog235c.html]
[www.pbsc.com/fr/blogue235c.html]
[www.pbsc.com/es/blog235c.html]
